// Jest Snapshot v1, https://goo.gl/fbAQLP

exports[`parseResJson parses a valid file 1`] = `
Object {
  "foo": Object {
    "comment": "A string",
    "value": "Foo",
  },
}
`;

exports[`parseResJson throws on excess comments 1`] = `"The resjson file is invalid. Comments exist for the following string keys that don't have values: bar."`;
