// Jest Snapshot v1, https://goo.gl/fbAQLP

exports[`Colors generates codes as expected: black 1`] = `"[30mx[39m"`;

exports[`Colors generates codes as expected: blackBackground 1`] = `"[30mx[39m[31mx[39m[32mx[39m[33mx[39m[34mx[39m[35mx[39m[36mx[39m[37mx[39m[90mx[39m[40mx[49m"`;

exports[`Colors generates codes as expected: blink 1`] = `"[30mx[39m[31mx[39m[32mx[39m[33mx[39m[34mx[39m[35mx[39m[36mx[39m[37mx[39m[90mx[39m[40mx[49m[41mx[49m[42mx[49m[43mx[49m[44mx[49m[45mx[49m[46mx[49m[47mx[49m[100mx[49m[1mx[22m[2mx[22m[4mx[24m[5mx[25m"`;

exports[`Colors generates codes as expected: blue 1`] = `"[30mx[39m[31mx[39m[32mx[39m[33mx[39m[34mx[39m"`;

exports[`Colors generates codes as expected: blueBackground 1`] = `"[30mx[39m[31mx[39m[32mx[39m[33mx[39m[34mx[39m[35mx[39m[36mx[39m[37mx[39m[90mx[39m[40mx[49m[41mx[49m[42mx[49m[43mx[49m[44mx[49m"`;

exports[`Colors generates codes as expected: bold 1`] = `"[30mx[39m[31mx[39m[32mx[39m[33mx[39m[34mx[39m[35mx[39m[36mx[39m[37mx[39m[90mx[39m[40mx[49m[41mx[49m[42mx[49m[43mx[49m[44mx[49m[45mx[49m[46mx[49m[47mx[49m[100mx[49m[1mx[22m"`;

exports[`Colors generates codes as expected: cyan 1`] = `"[30mx[39m[31mx[39m[32mx[39m[33mx[39m[34mx[39m[35mx[39m[36mx[39m"`;

exports[`Colors generates codes as expected: cyanBackground 1`] = `"[30mx[39m[31mx[39m[32mx[39m[33mx[39m[34mx[39m[35mx[39m[36mx[39m[37mx[39m[90mx[39m[40mx[49m[41mx[49m[42mx[49m[43mx[49m[44mx[49m[45mx[49m[46mx[49m"`;

exports[`Colors generates codes as expected: dim 1`] = `"[30mx[39m[31mx[39m[32mx[39m[33mx[39m[34mx[39m[35mx[39m[36mx[39m[37mx[39m[90mx[39m[40mx[49m[41mx[49m[42mx[49m[43mx[49m[44mx[49m[45mx[49m[46mx[49m[47mx[49m[100mx[49m[1mx[22m[2mx[22m"`;

exports[`Colors generates codes as expected: gray 1`] = `"[30mx[39m[31mx[39m[32mx[39m[33mx[39m[34mx[39m[35mx[39m[36mx[39m[37mx[39m[90mx[39m"`;

exports[`Colors generates codes as expected: grayBackground 1`] = `"[30mx[39m[31mx[39m[32mx[39m[33mx[39m[34mx[39m[35mx[39m[36mx[39m[37mx[39m[90mx[39m[40mx[49m[41mx[49m[42mx[49m[43mx[49m[44mx[49m[45mx[49m[46mx[49m[47mx[49m[100mx[49m"`;

exports[`Colors generates codes as expected: green 1`] = `"[30mx[39m[31mx[39m[32mx[39m"`;

exports[`Colors generates codes as expected: greenBackground 1`] = `"[30mx[39m[31mx[39m[32mx[39m[33mx[39m[34mx[39m[35mx[39m[36mx[39m[37mx[39m[90mx[39m[40mx[49m[41mx[49m[42mx[49m"`;

exports[`Colors generates codes as expected: hidden 1`] = `"[30mx[39m[31mx[39m[32mx[39m[33mx[39m[34mx[39m[35mx[39m[36mx[39m[37mx[39m[90mx[39m[40mx[49m[41mx[49m[42mx[49m[43mx[49m[44mx[49m[45mx[49m[46mx[49m[47mx[49m[100mx[49m[1mx[22m[2mx[22m[4mx[24m[5mx[25m[7mx[27m[8mx[28m"`;

exports[`Colors generates codes as expected: invertColor 1`] = `"[30mx[39m[31mx[39m[32mx[39m[33mx[39m[34mx[39m[35mx[39m[36mx[39m[37mx[39m[90mx[39m[40mx[49m[41mx[49m[42mx[49m[43mx[49m[44mx[49m[45mx[49m[46mx[49m[47mx[49m[100mx[49m[1mx[22m[2mx[22m[4mx[24m[5mx[25m[7mx[27m"`;

exports[`Colors generates codes as expected: magenta 1`] = `"[30mx[39m[31mx[39m[32mx[39m[33mx[39m[34mx[39m[35mx[39m"`;

exports[`Colors generates codes as expected: magentaBackground 1`] = `"[30mx[39m[31mx[39m[32mx[39m[33mx[39m[34mx[39m[35mx[39m[36mx[39m[37mx[39m[90mx[39m[40mx[49m[41mx[49m[42mx[49m[43mx[49m[44mx[49m[45mx[49m"`;

exports[`Colors generates codes as expected: red 1`] = `"[30mx[39m[31mx[39m"`;

exports[`Colors generates codes as expected: redBackground 1`] = `"[30mx[39m[31mx[39m[32mx[39m[33mx[39m[34mx[39m[35mx[39m[36mx[39m[37mx[39m[90mx[39m[40mx[49m[41mx[49m"`;

exports[`Colors generates codes as expected: underline 1`] = `"[30mx[39m[31mx[39m[32mx[39m[33mx[39m[34mx[39m[35mx[39m[36mx[39m[37mx[39m[90mx[39m[40mx[49m[41mx[49m[42mx[49m[43mx[49m[44mx[49m[45mx[49m[46mx[49m[47mx[49m[100mx[49m[1mx[22m[2mx[22m[4mx[24m"`;

exports[`Colors generates codes as expected: white 1`] = `"[30mx[39m[31mx[39m[32mx[39m[33mx[39m[34mx[39m[35mx[39m[36mx[39m[37mx[39m"`;

exports[`Colors generates codes as expected: whiteBackground 1`] = `"[30mx[39m[31mx[39m[32mx[39m[33mx[39m[34mx[39m[35mx[39m[36mx[39m[37mx[39m[90mx[39m[40mx[49m[41mx[49m[42mx[49m[43mx[49m[44mx[49m[45mx[49m[46mx[49m[47mx[49m"`;

exports[`Colors generates codes as expected: yellow 1`] = `"[30mx[39m[31mx[39m[32mx[39m[33mx[39m"`;

exports[`Colors generates codes as expected: yellowBackground 1`] = `"[30mx[39m[31mx[39m[32mx[39m[33mx[39m[34mx[39m[35mx[39m[36mx[39m[37mx[39m[90mx[39m[40mx[49m[41mx[49m[42mx[49m[43mx[49m"`;

exports[`Colors writes color grid correctly: line 0 1`] = `"X[black]X[default][white]X[default][gray]X[default][magenta]X[default][red]X[default][yellow]X[default][green]X[default][cyan]X[default][blue]X[default][n]"`;

exports[`Colors writes color grid correctly: line 1 1`] = `"X[black]X[default][white]X[default][gray]X[default][magenta]X[default][red]X[default][yellow]X[default][green]X[default][cyan]X[default][blue]X[default][n][black-bg]X[default-bg][black][black-bg]X[default-bg][default][white][black-bg]X[default-bg][default][gray][black-bg]X[default-bg][default][magenta][black-bg]X[default-bg][default][red][black-bg]X[default-bg][default][yellow][black-bg]X[default-bg][default][green][black-bg]X[default-bg][default][cyan][black-bg]X[default-bg][default][blue][black-bg]X[default-bg][default][n]"`;

exports[`Colors writes color grid correctly: line 2 1`] = `"X[black]X[default][white]X[default][gray]X[default][magenta]X[default][red]X[default][yellow]X[default][green]X[default][cyan]X[default][blue]X[default][n][black-bg]X[default-bg][black][black-bg]X[default-bg][default][white][black-bg]X[default-bg][default][gray][black-bg]X[default-bg][default][magenta][black-bg]X[default-bg][default][red][black-bg]X[default-bg][default][yellow][black-bg]X[default-bg][default][green][black-bg]X[default-bg][default][cyan][black-bg]X[default-bg][default][blue][black-bg]X[default-bg][default][n][white-bg]X[default-bg][black][white-bg]X[default-bg][default][white][white-bg]X[default-bg][default][gray][white-bg]X[default-bg][default][magenta][white-bg]X[default-bg][default][red][white-bg]X[default-bg][default][yellow][white-bg]X[default-bg][default][green][white-bg]X[default-bg][default][cyan][white-bg]X[default-bg][default][blue][white-bg]X[default-bg][default][n]"`;

exports[`Colors writes color grid correctly: line 3 1`] = `"X[black]X[default][white]X[default][gray]X[default][magenta]X[default][red]X[default][yellow]X[default][green]X[default][cyan]X[default][blue]X[default][n][black-bg]X[default-bg][black][black-bg]X[default-bg][default][white][black-bg]X[default-bg][default][gray][black-bg]X[default-bg][default][magenta][black-bg]X[default-bg][default][red][black-bg]X[default-bg][default][yellow][black-bg]X[default-bg][default][green][black-bg]X[default-bg][default][cyan][black-bg]X[default-bg][default][blue][black-bg]X[default-bg][default][n][white-bg]X[default-bg][black][white-bg]X[default-bg][default][white][white-bg]X[default-bg][default][gray][white-bg]X[default-bg][default][magenta][white-bg]X[default-bg][default][red][white-bg]X[default-bg][default][yellow][white-bg]X[default-bg][default][green][white-bg]X[default-bg][default][cyan][white-bg]X[default-bg][default][blue][white-bg]X[default-bg][default][n][gray-bg]X[default-bg][black][gray-bg]X[default-bg][default][white][gray-bg]X[default-bg][default][gray][gray-bg]X[default-bg][default][magenta][gray-bg]X[default-bg][default][red][gray-bg]X[default-bg][default][yellow][gray-bg]X[default-bg][default][green][gray-bg]X[default-bg][default][cyan][gray-bg]X[default-bg][default][blue][gray-bg]X[default-bg][default][n]"`;

exports[`Colors writes color grid correctly: line 4 1`] = `"X[black]X[default][white]X[default][gray]X[default][magenta]X[default][red]X[default][yellow]X[default][green]X[default][cyan]X[default][blue]X[default][n][black-bg]X[default-bg][black][black-bg]X[default-bg][default][white][black-bg]X[default-bg][default][gray][black-bg]X[default-bg][default][magenta][black-bg]X[default-bg][default][red][black-bg]X[default-bg][default][yellow][black-bg]X[default-bg][default][green][black-bg]X[default-bg][default][cyan][black-bg]X[default-bg][default][blue][black-bg]X[default-bg][default][n][white-bg]X[default-bg][black][white-bg]X[default-bg][default][white][white-bg]X[default-bg][default][gray][white-bg]X[default-bg][default][magenta][white-bg]X[default-bg][default][red][white-bg]X[default-bg][default][yellow][white-bg]X[default-bg][default][green][white-bg]X[default-bg][default][cyan][white-bg]X[default-bg][default][blue][white-bg]X[default-bg][default][n][gray-bg]X[default-bg][black][gray-bg]X[default-bg][default][white][gray-bg]X[default-bg][default][gray][gray-bg]X[default-bg][default][magenta][gray-bg]X[default-bg][default][red][gray-bg]X[default-bg][default][yellow][gray-bg]X[default-bg][default][green][gray-bg]X[default-bg][default][cyan][gray-bg]X[default-bg][default][blue][gray-bg]X[default-bg][default][n][magenta-bg]X[default-bg][black][magenta-bg]X[default-bg][default][white][magenta-bg]X[default-bg][default][gray][magenta-bg]X[default-bg][default][magenta][magenta-bg]X[default-bg][default][red][magenta-bg]X[default-bg][default][yellow][magenta-bg]X[default-bg][default][green][magenta-bg]X[default-bg][default][cyan][magenta-bg]X[default-bg][default][blue][magenta-bg]X[default-bg][default][n]"`;

exports[`Colors writes color grid correctly: line 5 1`] = `"X[black]X[default][white]X[default][gray]X[default][magenta]X[default][red]X[default][yellow]X[default][green]X[default][cyan]X[default][blue]X[default][n][black-bg]X[default-bg][black][black-bg]X[default-bg][default][white][black-bg]X[default-bg][default][gray][black-bg]X[default-bg][default][magenta][black-bg]X[default-bg][default][red][black-bg]X[default-bg][default][yellow][black-bg]X[default-bg][default][green][black-bg]X[default-bg][default][cyan][black-bg]X[default-bg][default][blue][black-bg]X[default-bg][default][n][white-bg]X[default-bg][black][white-bg]X[default-bg][default][white][white-bg]X[default-bg][default][gray][white-bg]X[default-bg][default][magenta][white-bg]X[default-bg][default][red][white-bg]X[default-bg][default][yellow][white-bg]X[default-bg][default][green][white-bg]X[default-bg][default][cyan][white-bg]X[default-bg][default][blue][white-bg]X[default-bg][default][n][gray-bg]X[default-bg][black][gray-bg]X[default-bg][default][white][gray-bg]X[default-bg][default][gray][gray-bg]X[default-bg][default][magenta][gray-bg]X[default-bg][default][red][gray-bg]X[default-bg][default][yellow][gray-bg]X[default-bg][default][green][gray-bg]X[default-bg][default][cyan][gray-bg]X[default-bg][default][blue][gray-bg]X[default-bg][default][n][magenta-bg]X[default-bg][black][magenta-bg]X[default-bg][default][white][magenta-bg]X[default-bg][default][gray][magenta-bg]X[default-bg][default][magenta][magenta-bg]X[default-bg][default][red][magenta-bg]X[default-bg][default][yellow][magenta-bg]X[default-bg][default][green][magenta-bg]X[default-bg][default][cyan][magenta-bg]X[default-bg][default][blue][magenta-bg]X[default-bg][default][n][red-bg]X[default-bg][black][red-bg]X[default-bg][default][white][red-bg]X[default-bg][default][gray][red-bg]X[default-bg][default][magenta][red-bg]X[default-bg][default][red][red-bg]X[default-bg][default][yellow][red-bg]X[default-bg][default][green][red-bg]X[default-bg][default][cyan][red-bg]X[default-bg][default][blue][red-bg]X[default-bg][default][n]"`;

exports[`Colors writes color grid correctly: line 6 1`] = `"X[black]X[default][white]X[default][gray]X[default][magenta]X[default][red]X[default][yellow]X[default][green]X[default][cyan]X[default][blue]X[default][n][black-bg]X[default-bg][black][black-bg]X[default-bg][default][white][black-bg]X[default-bg][default][gray][black-bg]X[default-bg][default][magenta][black-bg]X[default-bg][default][red][black-bg]X[default-bg][default][yellow][black-bg]X[default-bg][default][green][black-bg]X[default-bg][default][cyan][black-bg]X[default-bg][default][blue][black-bg]X[default-bg][default][n][white-bg]X[default-bg][black][white-bg]X[default-bg][default][white][white-bg]X[default-bg][default][gray][white-bg]X[default-bg][default][magenta][white-bg]X[default-bg][default][red][white-bg]X[default-bg][default][yellow][white-bg]X[default-bg][default][green][white-bg]X[default-bg][default][cyan][white-bg]X[default-bg][default][blue][white-bg]X[default-bg][default][n][gray-bg]X[default-bg][black][gray-bg]X[default-bg][default][white][gray-bg]X[default-bg][default][gray][gray-bg]X[default-bg][default][magenta][gray-bg]X[default-bg][default][red][gray-bg]X[default-bg][default][yellow][gray-bg]X[default-bg][default][green][gray-bg]X[default-bg][default][cyan][gray-bg]X[default-bg][default][blue][gray-bg]X[default-bg][default][n][magenta-bg]X[default-bg][black][magenta-bg]X[default-bg][default][white][magenta-bg]X[default-bg][default][gray][magenta-bg]X[default-bg][default][magenta][magenta-bg]X[default-bg][default][red][magenta-bg]X[default-bg][default][yellow][magenta-bg]X[default-bg][default][green][magenta-bg]X[default-bg][default][cyan][magenta-bg]X[default-bg][default][blue][magenta-bg]X[default-bg][default][n][red-bg]X[default-bg][black][red-bg]X[default-bg][default][white][red-bg]X[default-bg][default][gray][red-bg]X[default-bg][default][magenta][red-bg]X[default-bg][default][red][red-bg]X[default-bg][default][yellow][red-bg]X[default-bg][default][green][red-bg]X[default-bg][default][cyan][red-bg]X[default-bg][default][blue][red-bg]X[default-bg][default][n][yellow-bg]X[default-bg][black][yellow-bg]X[default-bg][default][white][yellow-bg]X[default-bg][default][gray][yellow-bg]X[default-bg][default][magenta][yellow-bg]X[default-bg][default][red][yellow-bg]X[default-bg][default][yellow][yellow-bg]X[default-bg][default][green][yellow-bg]X[default-bg][default][cyan][yellow-bg]X[default-bg][default][blue][yellow-bg]X[default-bg][default][n]"`;

exports[`Colors writes color grid correctly: line 7 1`] = `"X[black]X[default][white]X[default][gray]X[default][magenta]X[default][red]X[default][yellow]X[default][green]X[default][cyan]X[default][blue]X[default][n][black-bg]X[default-bg][black][black-bg]X[default-bg][default][white][black-bg]X[default-bg][default][gray][black-bg]X[default-bg][default][magenta][black-bg]X[default-bg][default][red][black-bg]X[default-bg][default][yellow][black-bg]X[default-bg][default][green][black-bg]X[default-bg][default][cyan][black-bg]X[default-bg][default][blue][black-bg]X[default-bg][default][n][white-bg]X[default-bg][black][white-bg]X[default-bg][default][white][white-bg]X[default-bg][default][gray][white-bg]X[default-bg][default][magenta][white-bg]X[default-bg][default][red][white-bg]X[default-bg][default][yellow][white-bg]X[default-bg][default][green][white-bg]X[default-bg][default][cyan][white-bg]X[default-bg][default][blue][white-bg]X[default-bg][default][n][gray-bg]X[default-bg][black][gray-bg]X[default-bg][default][white][gray-bg]X[default-bg][default][gray][gray-bg]X[default-bg][default][magenta][gray-bg]X[default-bg][default][red][gray-bg]X[default-bg][default][yellow][gray-bg]X[default-bg][default][green][gray-bg]X[default-bg][default][cyan][gray-bg]X[default-bg][default][blue][gray-bg]X[default-bg][default][n][magenta-bg]X[default-bg][black][magenta-bg]X[default-bg][default][white][magenta-bg]X[default-bg][default][gray][magenta-bg]X[default-bg][default][magenta][magenta-bg]X[default-bg][default][red][magenta-bg]X[default-bg][default][yellow][magenta-bg]X[default-bg][default][green][magenta-bg]X[default-bg][default][cyan][magenta-bg]X[default-bg][default][blue][magenta-bg]X[default-bg][default][n][red-bg]X[default-bg][black][red-bg]X[default-bg][default][white][red-bg]X[default-bg][default][gray][red-bg]X[default-bg][default][magenta][red-bg]X[default-bg][default][red][red-bg]X[default-bg][default][yellow][red-bg]X[default-bg][default][green][red-bg]X[default-bg][default][cyan][red-bg]X[default-bg][default][blue][red-bg]X[default-bg][default][n][yellow-bg]X[default-bg][black][yellow-bg]X[default-bg][default][white][yellow-bg]X[default-bg][default][gray][yellow-bg]X[default-bg][default][magenta][yellow-bg]X[default-bg][default][red][yellow-bg]X[default-bg][default][yellow][yellow-bg]X[default-bg][default][green][yellow-bg]X[default-bg][default][cyan][yellow-bg]X[default-bg][default][blue][yellow-bg]X[default-bg][default][n][green-bg]X[default-bg][black][green-bg]X[default-bg][default][white][green-bg]X[default-bg][default][gray][green-bg]X[default-bg][default][magenta][green-bg]X[default-bg][default][red][green-bg]X[default-bg][default][yellow][green-bg]X[default-bg][default][green][green-bg]X[default-bg][default][cyan][green-bg]X[default-bg][default][blue][green-bg]X[default-bg][default][n]"`;

exports[`Colors writes color grid correctly: line 8 1`] = `"X[black]X[default][white]X[default][gray]X[default][magenta]X[default][red]X[default][yellow]X[default][green]X[default][cyan]X[default][blue]X[default][n][black-bg]X[default-bg][black][black-bg]X[default-bg][default][white][black-bg]X[default-bg][default][gray][black-bg]X[default-bg][default][magenta][black-bg]X[default-bg][default][red][black-bg]X[default-bg][default][yellow][black-bg]X[default-bg][default][green][black-bg]X[default-bg][default][cyan][black-bg]X[default-bg][default][blue][black-bg]X[default-bg][default][n][white-bg]X[default-bg][black][white-bg]X[default-bg][default][white][white-bg]X[default-bg][default][gray][white-bg]X[default-bg][default][magenta][white-bg]X[default-bg][default][red][white-bg]X[default-bg][default][yellow][white-bg]X[default-bg][default][green][white-bg]X[default-bg][default][cyan][white-bg]X[default-bg][default][blue][white-bg]X[default-bg][default][n][gray-bg]X[default-bg][black][gray-bg]X[default-bg][default][white][gray-bg]X[default-bg][default][gray][gray-bg]X[default-bg][default][magenta][gray-bg]X[default-bg][default][red][gray-bg]X[default-bg][default][yellow][gray-bg]X[default-bg][default][green][gray-bg]X[default-bg][default][cyan][gray-bg]X[default-bg][default][blue][gray-bg]X[default-bg][default][n][magenta-bg]X[default-bg][black][magenta-bg]X[default-bg][default][white][magenta-bg]X[default-bg][default][gray][magenta-bg]X[default-bg][default][magenta][magenta-bg]X[default-bg][default][red][magenta-bg]X[default-bg][default][yellow][magenta-bg]X[default-bg][default][green][magenta-bg]X[default-bg][default][cyan][magenta-bg]X[default-bg][default][blue][magenta-bg]X[default-bg][default][n][red-bg]X[default-bg][black][red-bg]X[default-bg][default][white][red-bg]X[default-bg][default][gray][red-bg]X[default-bg][default][magenta][red-bg]X[default-bg][default][red][red-bg]X[default-bg][default][yellow][red-bg]X[default-bg][default][green][red-bg]X[default-bg][default][cyan][red-bg]X[default-bg][default][blue][red-bg]X[default-bg][default][n][yellow-bg]X[default-bg][black][yellow-bg]X[default-bg][default][white][yellow-bg]X[default-bg][default][gray][yellow-bg]X[default-bg][default][magenta][yellow-bg]X[default-bg][default][red][yellow-bg]X[default-bg][default][yellow][yellow-bg]X[default-bg][default][green][yellow-bg]X[default-bg][default][cyan][yellow-bg]X[default-bg][default][blue][yellow-bg]X[default-bg][default][n][green-bg]X[default-bg][black][green-bg]X[default-bg][default][white][green-bg]X[default-bg][default][gray][green-bg]X[default-bg][default][magenta][green-bg]X[default-bg][default][red][green-bg]X[default-bg][default][yellow][green-bg]X[default-bg][default][green][green-bg]X[default-bg][default][cyan][green-bg]X[default-bg][default][blue][green-bg]X[default-bg][default][n][cyan-bg]X[default-bg][black][cyan-bg]X[default-bg][default][white][cyan-bg]X[default-bg][default][gray][cyan-bg]X[default-bg][default][magenta][cyan-bg]X[default-bg][default][red][cyan-bg]X[default-bg][default][yellow][cyan-bg]X[default-bg][default][green][cyan-bg]X[default-bg][default][cyan][cyan-bg]X[default-bg][default][blue][cyan-bg]X[default-bg][default][n]"`;

exports[`Colors writes color grid correctly: line 9 1`] = `"X[black]X[default][white]X[default][gray]X[default][magenta]X[default][red]X[default][yellow]X[default][green]X[default][cyan]X[default][blue]X[default][n][black-bg]X[default-bg][black][black-bg]X[default-bg][default][white][black-bg]X[default-bg][default][gray][black-bg]X[default-bg][default][magenta][black-bg]X[default-bg][default][red][black-bg]X[default-bg][default][yellow][black-bg]X[default-bg][default][green][black-bg]X[default-bg][default][cyan][black-bg]X[default-bg][default][blue][black-bg]X[default-bg][default][n][white-bg]X[default-bg][black][white-bg]X[default-bg][default][white][white-bg]X[default-bg][default][gray][white-bg]X[default-bg][default][magenta][white-bg]X[default-bg][default][red][white-bg]X[default-bg][default][yellow][white-bg]X[default-bg][default][green][white-bg]X[default-bg][default][cyan][white-bg]X[default-bg][default][blue][white-bg]X[default-bg][default][n][gray-bg]X[default-bg][black][gray-bg]X[default-bg][default][white][gray-bg]X[default-bg][default][gray][gray-bg]X[default-bg][default][magenta][gray-bg]X[default-bg][default][red][gray-bg]X[default-bg][default][yellow][gray-bg]X[default-bg][default][green][gray-bg]X[default-bg][default][cyan][gray-bg]X[default-bg][default][blue][gray-bg]X[default-bg][default][n][magenta-bg]X[default-bg][black][magenta-bg]X[default-bg][default][white][magenta-bg]X[default-bg][default][gray][magenta-bg]X[default-bg][default][magenta][magenta-bg]X[default-bg][default][red][magenta-bg]X[default-bg][default][yellow][magenta-bg]X[default-bg][default][green][magenta-bg]X[default-bg][default][cyan][magenta-bg]X[default-bg][default][blue][magenta-bg]X[default-bg][default][n][red-bg]X[default-bg][black][red-bg]X[default-bg][default][white][red-bg]X[default-bg][default][gray][red-bg]X[default-bg][default][magenta][red-bg]X[default-bg][default][red][red-bg]X[default-bg][default][yellow][red-bg]X[default-bg][default][green][red-bg]X[default-bg][default][cyan][red-bg]X[default-bg][default][blue][red-bg]X[default-bg][default][n][yellow-bg]X[default-bg][black][yellow-bg]X[default-bg][default][white][yellow-bg]X[default-bg][default][gray][yellow-bg]X[default-bg][default][magenta][yellow-bg]X[default-bg][default][red][yellow-bg]X[default-bg][default][yellow][yellow-bg]X[default-bg][default][green][yellow-bg]X[default-bg][default][cyan][yellow-bg]X[default-bg][default][blue][yellow-bg]X[default-bg][default][n][green-bg]X[default-bg][black][green-bg]X[default-bg][default][white][green-bg]X[default-bg][default][gray][green-bg]X[default-bg][default][magenta][green-bg]X[default-bg][default][red][green-bg]X[default-bg][default][yellow][green-bg]X[default-bg][default][green][green-bg]X[default-bg][default][cyan][green-bg]X[default-bg][default][blue][green-bg]X[default-bg][default][n][cyan-bg]X[default-bg][black][cyan-bg]X[default-bg][default][white][cyan-bg]X[default-bg][default][gray][cyan-bg]X[default-bg][default][magenta][cyan-bg]X[default-bg][default][red][cyan-bg]X[default-bg][default][yellow][cyan-bg]X[default-bg][default][green][cyan-bg]X[default-bg][default][cyan][cyan-bg]X[default-bg][default][blue][cyan-bg]X[default-bg][default][n][blue-bg]X[default-bg][black][blue-bg]X[default-bg][default][white][blue-bg]X[default-bg][default][gray][blue-bg]X[default-bg][default][magenta][blue-bg]X[default-bg][default][red][blue-bg]X[default-bg][default][yellow][blue-bg]X[default-bg][default][green][blue-bg]X[default-bg][default][cyan][blue-bg]X[default-bg][default][blue][blue-bg]X[default-bg][default][n]"`;
