// Jest Snapshot v1, https://goo.gl/fbAQLP

exports[`TrueHashPlugin Handles async localized chunks (minified): Content 1`] = `
Object {
  "/release/chunks/async1_LOCALE1_48e154cefa3c631967269f65a0c807e9808494fe15cc376120c80fbd79ecca73.js": "\\"use strict\\";(self.webpackChunk=self.webpackChunk||[]).push([[515],{\\"./a/async1.js\\":(s,_,n)=>{n.r(_);var e=n(\\"./a/strings1.resjson\\"),t=n(\\"./a/strings2.resjson\\");console.log(e.Z.test,t.Z.another)},\\"./a/strings1.resjson\\":(s,_,n)=>{n.d(_,{Z:()=>e});const e={test:\\"blah\\"}},\\"./a/strings2.resjson\\":(s,_,n)=>{n.d(_,{Z:()=>e});const e={another:\\"something else\\"}}}]);",
  "/release/chunks/async1_LOCALE2_bf3e076643c7481ea6bb930aefa8021d22ebf337962bd5a8a9cf50ec8877b0a5.js": "\\"use strict\\";(self.webpackChunk=self.webpackChunk||[]).push([[515],{\\"./a/async1.js\\":(s,_,n)=>{n.r(_);var e=n(\\"./a/strings1.resjson\\"),t=n(\\"./a/strings2.resjson\\");console.log(e.Z.test,t.Z.another)},\\"./a/strings1.resjson\\":(s,_,n)=>{n.d(_,{Z:()=>e});const e={test:\\"baz\\"}},\\"./a/strings2.resjson\\":(s,_,n)=>{n.d(_,{Z:()=>e});const e={another:\\"some random translation\\"}}}]);",
  "/release/chunks/async2_LOCALE1_9c88f2a4de2a3a86966bd3dd006dbd59508d34571c439f035b96e9a68edb7d62.js": "\\"use strict\\";(self.webpackChunk=self.webpackChunk||[]).push([[989],{\\"./a/async2.js\\":(s,_,n)=>{n.r(_);var e=n(\\"./a/strings1.resjson\\"),t=n(\\"./a/strings2.resjson\\");console.log(e.Z.test+t.Z.another)},\\"./a/strings1.resjson\\":(s,_,n)=>{n.d(_,{Z:()=>e});const e={test:\\"blah\\"}},\\"./a/strings2.resjson\\":(s,_,n)=>{n.d(_,{Z:()=>e});const e={another:\\"something else\\"}}}]);",
  "/release/chunks/async2_LOCALE2_e498cb54def3d623beb5295624626826129dd1e7a9a849831259397b14ab0d88.js": "\\"use strict\\";(self.webpackChunk=self.webpackChunk||[]).push([[989],{\\"./a/async2.js\\":(s,_,n)=>{n.r(_);var e=n(\\"./a/strings1.resjson\\"),t=n(\\"./a/strings2.resjson\\");console.log(e.Z.test+t.Z.another)},\\"./a/strings1.resjson\\":(s,_,n)=>{n.d(_,{Z:()=>e});const e={test:\\"baz\\"}},\\"./a/strings2.resjson\\":(s,_,n)=>{n.d(_,{Z:()=>e});const e={another:\\"some random translation\\"}}}]);",
  "/release/main_LOCALE1_8386d5ee64efcdf87f853e856d993ba1bbd2068bb5c19b325855189767ccd3b8.js": "(()=>{var e,r={},t={};function n(e){var o=t[e];if(void 0!==o)return o.exports;var a=t[e]={exports:{}};return r[e](a,a.exports,n),a.exports}n.m=r,n.d=(e,r)=>{for(var t in r)n.o(r,t)&&!n.o(e,t)&&Object.defineProperty(e,t,{enumerable:!0,get:r[t]})},n.f={},n.e=e=>Promise.all(Object.keys(n.f).reduce(((r,t)=>(n.f[t](e,r),r)),[])),n.u=e=>\\"chunks/\\"+{515:\\"async1\\",989:\\"async2\\"}[e]+\\"_\\"+\\"LOCALE1\\"+\\"_\\"+{515:\\"48e154cefa3c631967269f65a0c807e9808494fe15cc376120c80fbd79ecca73\\",989:\\"9c88f2a4de2a3a86966bd3dd006dbd59508d34571c439f035b96e9a68edb7d62\\"}[e]+\\".js\\",n.g=function(){if(\\"object\\"==typeof globalThis)return globalThis;try{return this||new Function(\\"return this\\")()}catch(e){if(\\"object\\"==typeof window)return window}}(),n.o=(e,r)=>Object.prototype.hasOwnProperty.call(e,r),e={},n.l=(r,t,o,a)=>{if(e[r])e[r].push(t);else{var i,c;if(void 0!==o)for(var s=document.getElementsByTagName(\\"script\\"),l=0;l<s.length;l++){var u=s[l];if(u.getAttribute(\\"src\\")==r){i=u;break}}i||(c=!0,(i=document.createElement(\\"script\\")).charset=\\"utf-8\\",i.timeout=120,n.nc&&i.setAttribute(\\"nonce\\",n.nc),i.src=r),e[r]=[t];var d=(t,n)=>{i.onerror=i.onload=null,clearTimeout(p);var o=e[r];if(delete e[r],i.parentNode&&i.parentNode.removeChild(i),o&&o.forEach((e=>e(n))),t)return t(n)},p=setTimeout(d.bind(null,void 0,{type:\\"timeout\\",target:i}),12e4);i.onerror=d.bind(null,i.onerror),i.onload=d.bind(null,i.onload),c&&document.head.appendChild(i)}},n.r=e=>{\\"undefined\\"!=typeof Symbol&&Symbol.toStringTag&&Object.defineProperty(e,Symbol.toStringTag,{value:\\"Module\\"}),Object.defineProperty(e,\\"__esModule\\",{value:!0})},(()=>{var e;n.g.importScripts&&(e=n.g.location+\\"\\");var r=n.g.document;if(!e&&r&&(r.currentScript&&(e=r.currentScript.src),!e)){var t=r.getElementsByTagName(\\"script\\");if(t.length)for(var o=t.length-1;o>-1&&!e;)e=t[o--].src}if(!e)throw new Error(\\"Automatic publicPath is not supported in this browser\\");e=e.replace(/#.*$/,\\"\\").replace(/\\\\?.*$/,\\"\\").replace(/\\\\/[^\\\\/]+$/,\\"/\\"),n.p=e})(),(()=>{var e={179:0};n.f.j=(r,t)=>{var o=n.o(e,r)?e[r]:void 0;if(0!==o)if(o)t.push(o[2]);else{var a=new Promise(((t,n)=>o=e[r]=[t,n]));t.push(o[2]=a);var i=n.p+n.u(r),c=new Error;n.l(i,(t=>{if(n.o(e,r)&&(0!==(o=e[r])&&(e[r]=void 0),o)){var a=t&&(\\"load\\"===t.type?\\"missing\\":t.type),i=t&&t.target&&t.target.src;c.message=\\"Loading chunk \\"+r+\\" failed.\\\\n(\\"+a+\\": \\"+i+\\")\\",c.name=\\"ChunkLoadError\\",c.type=a,c.request=i,o[1](c)}}),\\"chunk-\\"+r,r)}};var r=(r,t)=>{var o,a,[i,c,s]=t,l=0;if(i.some((r=>0!==e[r]))){for(o in c)n.o(c,o)&&(n.m[o]=c[o]);s&&s(n)}for(r&&r(t);l<i.length;l++)a=i[l],n.o(e,a)&&e[a]&&e[a][0](),e[a]=0},t=self.webpackChunk=self.webpackChunk||[];t.forEach(r.bind(null,0)),t.push=r.bind(null,t.push.bind(t))})(),n.e(515).then(n.bind(n,\\"./a/async1.js\\")),n.e(989).then(n.bind(n,\\"./a/async2.js\\"))})();",
  "/release/main_LOCALE2_2db2730409a975f77964544791e28be792255daa84a981fd3b01d3c81dc85e43.js": "(()=>{var e,r={},t={};function n(e){var o=t[e];if(void 0!==o)return o.exports;var a=t[e]={exports:{}};return r[e](a,a.exports,n),a.exports}n.m=r,n.d=(e,r)=>{for(var t in r)n.o(r,t)&&!n.o(e,t)&&Object.defineProperty(e,t,{enumerable:!0,get:r[t]})},n.f={},n.e=e=>Promise.all(Object.keys(n.f).reduce(((r,t)=>(n.f[t](e,r),r)),[])),n.u=e=>\\"chunks/\\"+{515:\\"async1\\",989:\\"async2\\"}[e]+\\"_\\"+\\"LOCALE2\\"+\\"_\\"+{515:\\"bf3e076643c7481ea6bb930aefa8021d22ebf337962bd5a8a9cf50ec8877b0a5\\",989:\\"e498cb54def3d623beb5295624626826129dd1e7a9a849831259397b14ab0d88\\"}[e]+\\".js\\",n.g=function(){if(\\"object\\"==typeof globalThis)return globalThis;try{return this||new Function(\\"return this\\")()}catch(e){if(\\"object\\"==typeof window)return window}}(),n.o=(e,r)=>Object.prototype.hasOwnProperty.call(e,r),e={},n.l=(r,t,o,a)=>{if(e[r])e[r].push(t);else{var i,c;if(void 0!==o)for(var s=document.getElementsByTagName(\\"script\\"),l=0;l<s.length;l++){var u=s[l];if(u.getAttribute(\\"src\\")==r){i=u;break}}i||(c=!0,(i=document.createElement(\\"script\\")).charset=\\"utf-8\\",i.timeout=120,n.nc&&i.setAttribute(\\"nonce\\",n.nc),i.src=r),e[r]=[t];var d=(t,n)=>{i.onerror=i.onload=null,clearTimeout(p);var o=e[r];if(delete e[r],i.parentNode&&i.parentNode.removeChild(i),o&&o.forEach((e=>e(n))),t)return t(n)},p=setTimeout(d.bind(null,void 0,{type:\\"timeout\\",target:i}),12e4);i.onerror=d.bind(null,i.onerror),i.onload=d.bind(null,i.onload),c&&document.head.appendChild(i)}},n.r=e=>{\\"undefined\\"!=typeof Symbol&&Symbol.toStringTag&&Object.defineProperty(e,Symbol.toStringTag,{value:\\"Module\\"}),Object.defineProperty(e,\\"__esModule\\",{value:!0})},(()=>{var e;n.g.importScripts&&(e=n.g.location+\\"\\");var r=n.g.document;if(!e&&r&&(r.currentScript&&(e=r.currentScript.src),!e)){var t=r.getElementsByTagName(\\"script\\");if(t.length)for(var o=t.length-1;o>-1&&!e;)e=t[o--].src}if(!e)throw new Error(\\"Automatic publicPath is not supported in this browser\\");e=e.replace(/#.*$/,\\"\\").replace(/\\\\?.*$/,\\"\\").replace(/\\\\/[^\\\\/]+$/,\\"/\\"),n.p=e})(),(()=>{var e={179:0};n.f.j=(r,t)=>{var o=n.o(e,r)?e[r]:void 0;if(0!==o)if(o)t.push(o[2]);else{var a=new Promise(((t,n)=>o=e[r]=[t,n]));t.push(o[2]=a);var i=n.p+n.u(r),c=new Error;n.l(i,(t=>{if(n.o(e,r)&&(0!==(o=e[r])&&(e[r]=void 0),o)){var a=t&&(\\"load\\"===t.type?\\"missing\\":t.type),i=t&&t.target&&t.target.src;c.message=\\"Loading chunk \\"+r+\\" failed.\\\\n(\\"+a+\\": \\"+i+\\")\\",c.name=\\"ChunkLoadError\\",c.type=a,c.request=i,o[1](c)}}),\\"chunk-\\"+r,r)}};var r=(r,t)=>{var o,a,[i,c,s]=t,l=0;if(i.some((r=>0!==e[r]))){for(o in c)n.o(c,o)&&(n.m[o]=c[o]);s&&s(n)}for(r&&r(t);l<i.length;l++)a=i[l],n.o(e,a)&&e[a]&&e[a][0](),e[a]=0},t=self.webpackChunk=self.webpackChunk||[];t.forEach(r.bind(null,0)),t.push=r.bind(null,t.push.bind(t))})(),n.e(515).then(n.bind(n,\\"./a/async1.js\\")),n.e(989).then(n.bind(n,\\"./a/async2.js\\"))})();",
}
`;

exports[`TrueHashPlugin Handles async localized chunks (minified): Errors 1`] = `Array []`;

exports[`TrueHashPlugin Handles async localized chunks (minified): Warnings 1`] = `Array []`;

exports[`TrueHashPlugin Handles async localized chunks (unminified): Content 1`] = `
Object {
  "/release/chunks/async1_LOCALE1_64cd1683fc081fb426519e5f5e38154a0a9db67429cf60140b6a7a393f3a745d.js": "\\"use strict\\";
(self[\\"webpackChunk\\"] = self[\\"webpackChunk\\"] || []).push([[515],{

/***/ \\"./a/async1.js\\":
/***/ ((__unused_webpack_module, __webpack_exports__, __webpack_require__) => {

__webpack_require__.r(__webpack_exports__);
/* harmony import */ var _strings1_resjson__WEBPACK_IMPORTED_MODULE_0__ = __webpack_require__(\\"./a/strings1.resjson\\");
/* harmony import */ var _strings2_resjson__WEBPACK_IMPORTED_MODULE_1__ = __webpack_require__(\\"./a/strings2.resjson\\");
  console.log(_strings1_resjson__WEBPACK_IMPORTED_MODULE_0__/* [\\"default\\"].test */ .Z.test, _strings2_resjson__WEBPACK_IMPORTED_MODULE_1__/* [\\"default\\"].another */ .Z.another);

/***/ }),

/***/ \\"./a/strings1.resjson\\":
/***/ ((__unused_webpack___webpack_module__, __webpack_exports__, __webpack_require__) => {

/* harmony export */ __webpack_require__.d(__webpack_exports__, {
/* harmony export */   \\"Z\\": () => (__WEBPACK_DEFAULT_EXPORT__)
/* harmony export */ });
const strings = {\\"test\\":\\"blah\\"};
/* harmony default export */ const __WEBPACK_DEFAULT_EXPORT__ = (strings);

/***/ }),

/***/ \\"./a/strings2.resjson\\":
/***/ ((__unused_webpack___webpack_module__, __webpack_exports__, __webpack_require__) => {

/* harmony export */ __webpack_require__.d(__webpack_exports__, {
/* harmony export */   \\"Z\\": () => (__WEBPACK_DEFAULT_EXPORT__)
/* harmony export */ });
const strings = {\\"another\\":\\"something else\\"};
/* harmony default export */ const __WEBPACK_DEFAULT_EXPORT__ = (strings);

/***/ })

}]);",
  "/release/chunks/async1_LOCALE2_9036e26b6287a4856c2477fe8af07d7f272eb51e38162b68c58ab6b45b6eedd6.js": "\\"use strict\\";
(self[\\"webpackChunk\\"] = self[\\"webpackChunk\\"] || []).push([[515],{

/***/ \\"./a/async1.js\\":
/***/ ((__unused_webpack_module, __webpack_exports__, __webpack_require__) => {

__webpack_require__.r(__webpack_exports__);
/* harmony import */ var _strings1_resjson__WEBPACK_IMPORTED_MODULE_0__ = __webpack_require__(\\"./a/strings1.resjson\\");
/* harmony import */ var _strings2_resjson__WEBPACK_IMPORTED_MODULE_1__ = __webpack_require__(\\"./a/strings2.resjson\\");
  console.log(_strings1_resjson__WEBPACK_IMPORTED_MODULE_0__/* [\\"default\\"].test */ .Z.test, _strings2_resjson__WEBPACK_IMPORTED_MODULE_1__/* [\\"default\\"].another */ .Z.another);

/***/ }),

/***/ \\"./a/strings1.resjson\\":
/***/ ((__unused_webpack___webpack_module__, __webpack_exports__, __webpack_require__) => {

/* harmony export */ __webpack_require__.d(__webpack_exports__, {
/* harmony export */   \\"Z\\": () => (__WEBPACK_DEFAULT_EXPORT__)
/* harmony export */ });
const strings = {\\"test\\":\\"baz\\"};
/* harmony default export */ const __WEBPACK_DEFAULT_EXPORT__ = (strings);

/***/ }),

/***/ \\"./a/strings2.resjson\\":
/***/ ((__unused_webpack___webpack_module__, __webpack_exports__, __webpack_require__) => {

/* harmony export */ __webpack_require__.d(__webpack_exports__, {
/* harmony export */   \\"Z\\": () => (__WEBPACK_DEFAULT_EXPORT__)
/* harmony export */ });
const strings = {\\"another\\":\\"some random translation\\"};
/* harmony default export */ const __WEBPACK_DEFAULT_EXPORT__ = (strings);

/***/ })

}]);",
  "/release/chunks/async2_LOCALE1_c6f2ba01a69ea8170907f54734f3f539a7f44d9d9aa463963ec63181294f748a.js": "\\"use strict\\";
(self[\\"webpackChunk\\"] = self[\\"webpackChunk\\"] || []).push([[989],{

/***/ \\"./a/async2.js\\":
/***/ ((__unused_webpack_module, __webpack_exports__, __webpack_require__) => {

__webpack_require__.r(__webpack_exports__);
/* harmony import */ var _strings1_resjson__WEBPACK_IMPORTED_MODULE_0__ = __webpack_require__(\\"./a/strings1.resjson\\");
/* harmony import */ var _strings2_resjson__WEBPACK_IMPORTED_MODULE_1__ = __webpack_require__(\\"./a/strings2.resjson\\");
  console.log(_strings1_resjson__WEBPACK_IMPORTED_MODULE_0__/* [\\"default\\"].test */ .Z.test + _strings2_resjson__WEBPACK_IMPORTED_MODULE_1__/* [\\"default\\"].another */ .Z.another);

/***/ }),

/***/ \\"./a/strings1.resjson\\":
/***/ ((__unused_webpack___webpack_module__, __webpack_exports__, __webpack_require__) => {

/* harmony export */ __webpack_require__.d(__webpack_exports__, {
/* harmony export */   \\"Z\\": () => (__WEBPACK_DEFAULT_EXPORT__)
/* harmony export */ });
const strings = {\\"test\\":\\"blah\\"};
/* harmony default export */ const __WEBPACK_DEFAULT_EXPORT__ = (strings);

/***/ }),

/***/ \\"./a/strings2.resjson\\":
/***/ ((__unused_webpack___webpack_module__, __webpack_exports__, __webpack_require__) => {

/* harmony export */ __webpack_require__.d(__webpack_exports__, {
/* harmony export */   \\"Z\\": () => (__WEBPACK_DEFAULT_EXPORT__)
/* harmony export */ });
const strings = {\\"another\\":\\"something else\\"};
/* harmony default export */ const __WEBPACK_DEFAULT_EXPORT__ = (strings);

/***/ })

}]);",
  "/release/chunks/async2_LOCALE2_0496c0d557f60f54802c2f22ae7a0d5186ada796cb053da5f964ce070e79de2c.js": "\\"use strict\\";
(self[\\"webpackChunk\\"] = self[\\"webpackChunk\\"] || []).push([[989],{

/***/ \\"./a/async2.js\\":
/***/ ((__unused_webpack_module, __webpack_exports__, __webpack_require__) => {

__webpack_require__.r(__webpack_exports__);
/* harmony import */ var _strings1_resjson__WEBPACK_IMPORTED_MODULE_0__ = __webpack_require__(\\"./a/strings1.resjson\\");
/* harmony import */ var _strings2_resjson__WEBPACK_IMPORTED_MODULE_1__ = __webpack_require__(\\"./a/strings2.resjson\\");
  console.log(_strings1_resjson__WEBPACK_IMPORTED_MODULE_0__/* [\\"default\\"].test */ .Z.test + _strings2_resjson__WEBPACK_IMPORTED_MODULE_1__/* [\\"default\\"].another */ .Z.another);

/***/ }),

/***/ \\"./a/strings1.resjson\\":
/***/ ((__unused_webpack___webpack_module__, __webpack_exports__, __webpack_require__) => {

/* harmony export */ __webpack_require__.d(__webpack_exports__, {
/* harmony export */   \\"Z\\": () => (__WEBPACK_DEFAULT_EXPORT__)
/* harmony export */ });
const strings = {\\"test\\":\\"baz\\"};
/* harmony default export */ const __WEBPACK_DEFAULT_EXPORT__ = (strings);

/***/ }),

/***/ \\"./a/strings2.resjson\\":
/***/ ((__unused_webpack___webpack_module__, __webpack_exports__, __webpack_require__) => {

/* harmony export */ __webpack_require__.d(__webpack_exports__, {
/* harmony export */   \\"Z\\": () => (__WEBPACK_DEFAULT_EXPORT__)
/* harmony export */ });
const strings = {\\"another\\":\\"some random translation\\"};
/* harmony default export */ const __WEBPACK_DEFAULT_EXPORT__ = (strings);

/***/ })

}]);",
  "/release/main_LOCALE1_2419bbeabdf6496af60707f34628603cc06a75b7f041d65ad054772ae55da966.js": "/******/ (() => { // webpackBootstrap
/******/ 	var __webpack_modules__ = ({});
/************************************************************************/
/******/ 	// The module cache
/******/ 	var __webpack_module_cache__ = {};
/******/ 	
/******/ 	// The require function
/******/ 	function __webpack_require__(moduleId) {
/******/ 		// Check if module is in cache
/******/ 		var cachedModule = __webpack_module_cache__[moduleId];
/******/ 		if (cachedModule !== undefined) {
/******/ 			return cachedModule.exports;
/******/ 		}
/******/ 		// Create a new module (and put it into the cache)
/******/ 		var module = __webpack_module_cache__[moduleId] = {
/******/ 			// no module.id needed
/******/ 			// no module.loaded needed
/******/ 			exports: {}
/******/ 		};
/******/ 	
/******/ 		// Execute the module function
/******/ 		__webpack_modules__[moduleId](module, module.exports, __webpack_require__);
/******/ 	
/******/ 		// Return the exports of the module
/******/ 		return module.exports;
/******/ 	}
/******/ 	
/******/ 	// expose the modules object (__webpack_modules__)
/******/ 	__webpack_require__.m = __webpack_modules__;
/******/ 	
/************************************************************************/
/******/ 	/* webpack/runtime/define property getters */
/******/ 	(() => {
/******/ 		// define getter functions for harmony exports
/******/ 		__webpack_require__.d = (exports, definition) => {
/******/ 			for(var key in definition) {
/******/ 				if(__webpack_require__.o(definition, key) && !__webpack_require__.o(exports, key)) {
/******/ 					Object.defineProperty(exports, key, { enumerable: true, get: definition[key] });
/******/ 				}
/******/ 			}
/******/ 		};
/******/ 	})();
/******/ 	
/******/ 	/* webpack/runtime/ensure chunk */
/******/ 	(() => {
/******/ 		__webpack_require__.f = {};
/******/ 		// This file contains only the entry chunk.
/******/ 		// The chunk loading function for additional chunks
/******/ 		__webpack_require__.e = (chunkId) => {
/******/ 			return Promise.all(Object.keys(__webpack_require__.f).reduce((promises, key) => {
/******/ 				__webpack_require__.f[key](chunkId, promises);
/******/ 				return promises;
/******/ 			}, []));
/******/ 		};
/******/ 	})();
/******/ 	
/******/ 	/* webpack/runtime/get javascript chunk filename */
/******/ 	(() => {
/******/ 		// This function allow to reference async chunks
/******/ 		__webpack_require__.u = (chunkId) => {
/******/ 			// return url for filenames based on template
/******/ 			return \\"chunks/\\" + {\\"515\\":\\"async1\\",\\"989\\":\\"async2\\"}[chunkId] + \\"_\\" + \\"LOCALE1\\" + \\"_\\" + {\\"515\\":\\"64cd1683fc081fb426519e5f5e38154a0a9db67429cf60140b6a7a393f3a745d\\",\\"989\\":\\"c6f2ba01a69ea8170907f54734f3f539a7f44d9d9aa463963ec63181294f748a\\"}[chunkId] + \\".js\\";
/******/ 		};
/******/ 	})();
/******/ 	
/******/ 	/* webpack/runtime/global */
/******/ 	(() => {
/******/ 		__webpack_require__.g = (function() {
/******/ 			if (typeof globalThis === 'object') return globalThis;
/******/ 			try {
/******/ 				return this || new Function('return this')();
/******/ 			} catch (e) {
/******/ 				if (typeof window === 'object') return window;
/******/ 			}
/******/ 		})();
/******/ 	})();
/******/ 	
/******/ 	/* webpack/runtime/hasOwnProperty shorthand */
/******/ 	(() => {
/******/ 		__webpack_require__.o = (obj, prop) => (Object.prototype.hasOwnProperty.call(obj, prop))
/******/ 	})();
/******/ 	
/******/ 	/* webpack/runtime/load script */
/******/ 	(() => {
/******/ 		var inProgress = {};
/******/ 		// data-webpack is not used as build has no uniqueName
/******/ 		// loadScript function to load a script via script tag
/******/ 		__webpack_require__.l = (url, done, key, chunkId) => {
/******/ 			if(inProgress[url]) { inProgress[url].push(done); return; }
/******/ 			var script, needAttach;
/******/ 			if(key !== undefined) {
/******/ 				var scripts = document.getElementsByTagName(\\"script\\");
/******/ 				for(var i = 0; i < scripts.length; i++) {
/******/ 					var s = scripts[i];
/******/ 					if(s.getAttribute(\\"src\\") == url) { script = s; break; }
/******/ 				}
/******/ 			}
/******/ 			if(!script) {
/******/ 				needAttach = true;
/******/ 				script = document.createElement('script');
/******/ 		
/******/ 				script.charset = 'utf-8';
/******/ 				script.timeout = 120;
/******/ 				if (__webpack_require__.nc) {
/******/ 					script.setAttribute(\\"nonce\\", __webpack_require__.nc);
/******/ 				}
/******/ 		
/******/ 				script.src = url;
/******/ 			}
/******/ 			inProgress[url] = [done];
/******/ 			var onScriptComplete = (prev, event) => {
/******/ 				// avoid mem leaks in IE.
/******/ 				script.onerror = script.onload = null;
/******/ 				clearTimeout(timeout);
/******/ 				var doneFns = inProgress[url];
/******/ 				delete inProgress[url];
/******/ 				script.parentNode && script.parentNode.removeChild(script);
/******/ 				doneFns && doneFns.forEach((fn) => (fn(event)));
/******/ 				if(prev) return prev(event);
/******/ 			}
/******/ 			var timeout = setTimeout(onScriptComplete.bind(null, undefined, { type: 'timeout', target: script }), 120000);
/******/ 			script.onerror = onScriptComplete.bind(null, script.onerror);
/******/ 			script.onload = onScriptComplete.bind(null, script.onload);
/******/ 			needAttach && document.head.appendChild(script);
/******/ 		};
/******/ 	})();
/******/ 	
/******/ 	/* webpack/runtime/make namespace object */
/******/ 	(() => {
/******/ 		// define __esModule on exports
/******/ 		__webpack_require__.r = (exports) => {
/******/ 			if(typeof Symbol !== 'undefined' && Symbol.toStringTag) {
/******/ 				Object.defineProperty(exports, Symbol.toStringTag, { value: 'Module' });
/******/ 			}
/******/ 			Object.defineProperty(exports, '__esModule', { value: true });
/******/ 		};
/******/ 	})();
/******/ 	
/******/ 	/* webpack/runtime/publicPath */
/******/ 	(() => {
/******/ 		var scriptUrl;
/******/ 		if (__webpack_require__.g.importScripts) scriptUrl = __webpack_require__.g.location + \\"\\";
/******/ 		var document = __webpack_require__.g.document;
/******/ 		if (!scriptUrl && document) {
/******/ 			if (document.currentScript)
/******/ 				scriptUrl = document.currentScript.src;
/******/ 			if (!scriptUrl) {
/******/ 				var scripts = document.getElementsByTagName(\\"script\\");
/******/ 				if(scripts.length) {
/******/ 					var i = scripts.length - 1;
/******/ 					while (i > -1 && !scriptUrl) scriptUrl = scripts[i--].src;
/******/ 				}
/******/ 			}
/******/ 		}
/******/ 		// When supporting browsers where an automatic publicPath is not supported you must specify an output.publicPath manually via configuration
/******/ 		// or pass an empty string (\\"\\") and set the __webpack_public_path__ variable from your code to use your own logic.
/******/ 		if (!scriptUrl) throw new Error(\\"Automatic publicPath is not supported in this browser\\");
/******/ 		scriptUrl = scriptUrl.replace(/#.*$/, \\"\\").replace(/\\\\?.*$/, \\"\\").replace(/\\\\/[^\\\\/]+$/, \\"/\\");
/******/ 		__webpack_require__.p = scriptUrl;
/******/ 	})();
/******/ 	
/******/ 	/* webpack/runtime/jsonp chunk loading */
/******/ 	(() => {
/******/ 		// no baseURI
/******/ 		
/******/ 		// object to store loaded and loading chunks
/******/ 		// undefined = chunk not loaded, null = chunk preloaded/prefetched
/******/ 		// [resolve, reject, Promise] = chunk loading, 0 = chunk loaded
/******/ 		var installedChunks = {
/******/ 			179: 0
/******/ 		};
/******/ 		
/******/ 		__webpack_require__.f.j = (chunkId, promises) => {
/******/ 				// JSONP chunk loading for javascript
/******/ 				var installedChunkData = __webpack_require__.o(installedChunks, chunkId) ? installedChunks[chunkId] : undefined;
/******/ 				if(installedChunkData !== 0) { // 0 means \\"already installed\\".
/******/ 		
/******/ 					// a Promise means \\"currently loading\\".
/******/ 					if(installedChunkData) {
/******/ 						promises.push(installedChunkData[2]);
/******/ 					} else {
/******/ 						if(true) { // all chunks have JS
/******/ 							// setup Promise in chunk cache
/******/ 							var promise = new Promise((resolve, reject) => (installedChunkData = installedChunks[chunkId] = [resolve, reject]));
/******/ 							promises.push(installedChunkData[2] = promise);
/******/ 		
/******/ 							// start chunk loading
/******/ 							var url = __webpack_require__.p + __webpack_require__.u(chunkId);
/******/ 							// create error before stack unwound to get useful stacktrace later
/******/ 							var error = new Error();
/******/ 							var loadingEnded = (event) => {
/******/ 								if(__webpack_require__.o(installedChunks, chunkId)) {
/******/ 									installedChunkData = installedChunks[chunkId];
/******/ 									if(installedChunkData !== 0) installedChunks[chunkId] = undefined;
/******/ 									if(installedChunkData) {
/******/ 										var errorType = event && (event.type === 'load' ? 'missing' : event.type);
/******/ 										var realSrc = event && event.target && event.target.src;
/******/ 										error.message = 'Loading chunk ' + chunkId + ' failed.\\\\n(' + errorType + ': ' + realSrc + ')';
/******/ 										error.name = 'ChunkLoadError';
/******/ 										error.type = errorType;
/******/ 										error.request = realSrc;
/******/ 										installedChunkData[1](error);
/******/ 									}
/******/ 								}
/******/ 							};
/******/ 							__webpack_require__.l(url, loadingEnded, \\"chunk-\\" + chunkId, chunkId);
/******/ 						}
/******/ 					}
/******/ 				}
/******/ 		};
/******/ 		
/******/ 		// no prefetching
/******/ 		
/******/ 		// no preloaded
/******/ 		
/******/ 		// no HMR
/******/ 		
/******/ 		// no HMR manifest
/******/ 		
/******/ 		// no on chunks loaded
/******/ 		
/******/ 		// install a JSONP callback for chunk loading
/******/ 		var webpackJsonpCallback = (parentChunkLoadingFunction, data) => {
/******/ 			var [chunkIds, moreModules, runtime] = data;
/******/ 			// add \\"moreModules\\" to the modules object,
/******/ 			// then flag all \\"chunkIds\\" as loaded and fire callback
/******/ 			var moduleId, chunkId, i = 0;
/******/ 			if(chunkIds.some((id) => (installedChunks[id] !== 0))) {
/******/ 				for(moduleId in moreModules) {
/******/ 					if(__webpack_require__.o(moreModules, moduleId)) {
/******/ 						__webpack_require__.m[moduleId] = moreModules[moduleId];
/******/ 					}
/******/ 				}
/******/ 				if(runtime) var result = runtime(__webpack_require__);
/******/ 			}
/******/ 			if(parentChunkLoadingFunction) parentChunkLoadingFunction(data);
/******/ 			for(;i < chunkIds.length; i++) {
/******/ 				chunkId = chunkIds[i];
/******/ 				if(__webpack_require__.o(installedChunks, chunkId) && installedChunks[chunkId]) {
/******/ 					installedChunks[chunkId][0]();
/******/ 				}
/******/ 				installedChunks[chunkId] = 0;
/******/ 			}
/******/ 		
/******/ 		}
/******/ 		
/******/ 		var chunkLoadingGlobal = self[\\"webpackChunk\\"] = self[\\"webpackChunk\\"] || [];
/******/ 		chunkLoadingGlobal.forEach(webpackJsonpCallback.bind(null, 0));
/******/ 		chunkLoadingGlobal.push = webpackJsonpCallback.bind(null, chunkLoadingGlobal.push.bind(chunkLoadingGlobal));
/******/ 	})();
/******/ 	
/************************************************************************/
var __webpack_exports__ = {};
__webpack_require__.e(/* import() | async1 */ 515).then(__webpack_require__.bind(__webpack_require__, \\"./a/async1.js\\"));__webpack_require__.e(/* import() | async2 */ 989).then(__webpack_require__.bind(__webpack_require__, \\"./a/async2.js\\"));
/******/ })()
;",
  "/release/main_LOCALE2_7f3e49c9be7f7dd3aa49e771d464af242f9b2960dab3c130b0b697826e8922a0.js": "/******/ (() => { // webpackBootstrap
/******/ 	var __webpack_modules__ = ({});
/************************************************************************/
/******/ 	// The module cache
/******/ 	var __webpack_module_cache__ = {};
/******/ 	
/******/ 	// The require function
/******/ 	function __webpack_require__(moduleId) {
/******/ 		// Check if module is in cache
/******/ 		var cachedModule = __webpack_module_cache__[moduleId];
/******/ 		if (cachedModule !== undefined) {
/******/ 			return cachedModule.exports;
/******/ 		}
/******/ 		// Create a new module (and put it into the cache)
/******/ 		var module = __webpack_module_cache__[moduleId] = {
/******/ 			// no module.id needed
/******/ 			// no module.loaded needed
/******/ 			exports: {}
/******/ 		};
/******/ 	
/******/ 		// Execute the module function
/******/ 		__webpack_modules__[moduleId](module, module.exports, __webpack_require__);
/******/ 	
/******/ 		// Return the exports of the module
/******/ 		return module.exports;
/******/ 	}
/******/ 	
/******/ 	// expose the modules object (__webpack_modules__)
/******/ 	__webpack_require__.m = __webpack_modules__;
/******/ 	
/************************************************************************/
/******/ 	/* webpack/runtime/define property getters */
/******/ 	(() => {
/******/ 		// define getter functions for harmony exports
/******/ 		__webpack_require__.d = (exports, definition) => {
/******/ 			for(var key in definition) {
/******/ 				if(__webpack_require__.o(definition, key) && !__webpack_require__.o(exports, key)) {
/******/ 					Object.defineProperty(exports, key, { enumerable: true, get: definition[key] });
/******/ 				}
/******/ 			}
/******/ 		};
/******/ 	})();
/******/ 	
/******/ 	/* webpack/runtime/ensure chunk */
/******/ 	(() => {
/******/ 		__webpack_require__.f = {};
/******/ 		// This file contains only the entry chunk.
/******/ 		// The chunk loading function for additional chunks
/******/ 		__webpack_require__.e = (chunkId) => {
/******/ 			return Promise.all(Object.keys(__webpack_require__.f).reduce((promises, key) => {
/******/ 				__webpack_require__.f[key](chunkId, promises);
/******/ 				return promises;
/******/ 			}, []));
/******/ 		};
/******/ 	})();
/******/ 	
/******/ 	/* webpack/runtime/get javascript chunk filename */
/******/ 	(() => {
/******/ 		// This function allow to reference async chunks
/******/ 		__webpack_require__.u = (chunkId) => {
/******/ 			// return url for filenames based on template
/******/ 			return \\"chunks/\\" + {\\"515\\":\\"async1\\",\\"989\\":\\"async2\\"}[chunkId] + \\"_\\" + \\"LOCALE2\\" + \\"_\\" + {\\"515\\":\\"9036e26b6287a4856c2477fe8af07d7f272eb51e38162b68c58ab6b45b6eedd6\\",\\"989\\":\\"0496c0d557f60f54802c2f22ae7a0d5186ada796cb053da5f964ce070e79de2c\\"}[chunkId] + \\".js\\";
/******/ 		};
/******/ 	})();
/******/ 	
/******/ 	/* webpack/runtime/global */
/******/ 	(() => {
/******/ 		__webpack_require__.g = (function() {
/******/ 			if (typeof globalThis === 'object') return globalThis;
/******/ 			try {
/******/ 				return this || new Function('return this')();
/******/ 			} catch (e) {
/******/ 				if (typeof window === 'object') return window;
/******/ 			}
/******/ 		})();
/******/ 	})();
/******/ 	
/******/ 	/* webpack/runtime/hasOwnProperty shorthand */
/******/ 	(() => {
/******/ 		__webpack_require__.o = (obj, prop) => (Object.prototype.hasOwnProperty.call(obj, prop))
/******/ 	})();
/******/ 	
/******/ 	/* webpack/runtime/load script */
/******/ 	(() => {
/******/ 		var inProgress = {};
/******/ 		// data-webpack is not used as build has no uniqueName
/******/ 		// loadScript function to load a script via script tag
/******/ 		__webpack_require__.l = (url, done, key, chunkId) => {
/******/ 			if(inProgress[url]) { inProgress[url].push(done); return; }
/******/ 			var script, needAttach;
/******/ 			if(key !== undefined) {
/******/ 				var scripts = document.getElementsByTagName(\\"script\\");
/******/ 				for(var i = 0; i < scripts.length; i++) {
/******/ 					var s = scripts[i];
/******/ 					if(s.getAttribute(\\"src\\") == url) { script = s; break; }
/******/ 				}
/******/ 			}
/******/ 			if(!script) {
/******/ 				needAttach = true;
/******/ 				script = document.createElement('script');
/******/ 		
/******/ 				script.charset = 'utf-8';
/******/ 				script.timeout = 120;
/******/ 				if (__webpack_require__.nc) {
/******/ 					script.setAttribute(\\"nonce\\", __webpack_require__.nc);
/******/ 				}
/******/ 		
/******/ 				script.src = url;
/******/ 			}
/******/ 			inProgress[url] = [done];
/******/ 			var onScriptComplete = (prev, event) => {
/******/ 				// avoid mem leaks in IE.
/******/ 				script.onerror = script.onload = null;
/******/ 				clearTimeout(timeout);
/******/ 				var doneFns = inProgress[url];
/******/ 				delete inProgress[url];
/******/ 				script.parentNode && script.parentNode.removeChild(script);
/******/ 				doneFns && doneFns.forEach((fn) => (fn(event)));
/******/ 				if(prev) return prev(event);
/******/ 			}
/******/ 			var timeout = setTimeout(onScriptComplete.bind(null, undefined, { type: 'timeout', target: script }), 120000);
/******/ 			script.onerror = onScriptComplete.bind(null, script.onerror);
/******/ 			script.onload = onScriptComplete.bind(null, script.onload);
/******/ 			needAttach && document.head.appendChild(script);
/******/ 		};
/******/ 	})();
/******/ 	
/******/ 	/* webpack/runtime/make namespace object */
/******/ 	(() => {
/******/ 		// define __esModule on exports
/******/ 		__webpack_require__.r = (exports) => {
/******/ 			if(typeof Symbol !== 'undefined' && Symbol.toStringTag) {
/******/ 				Object.defineProperty(exports, Symbol.toStringTag, { value: 'Module' });
/******/ 			}
/******/ 			Object.defineProperty(exports, '__esModule', { value: true });
/******/ 		};
/******/ 	})();
/******/ 	
/******/ 	/* webpack/runtime/publicPath */
/******/ 	(() => {
/******/ 		var scriptUrl;
/******/ 		if (__webpack_require__.g.importScripts) scriptUrl = __webpack_require__.g.location + \\"\\";
/******/ 		var document = __webpack_require__.g.document;
/******/ 		if (!scriptUrl && document) {
/******/ 			if (document.currentScript)
/******/ 				scriptUrl = document.currentScript.src;
/******/ 			if (!scriptUrl) {
/******/ 				var scripts = document.getElementsByTagName(\\"script\\");
/******/ 				if(scripts.length) {
/******/ 					var i = scripts.length - 1;
/******/ 					while (i > -1 && !scriptUrl) scriptUrl = scripts[i--].src;
/******/ 				}
/******/ 			}
/******/ 		}
/******/ 		// When supporting browsers where an automatic publicPath is not supported you must specify an output.publicPath manually via configuration
/******/ 		// or pass an empty string (\\"\\") and set the __webpack_public_path__ variable from your code to use your own logic.
/******/ 		if (!scriptUrl) throw new Error(\\"Automatic publicPath is not supported in this browser\\");
/******/ 		scriptUrl = scriptUrl.replace(/#.*$/, \\"\\").replace(/\\\\?.*$/, \\"\\").replace(/\\\\/[^\\\\/]+$/, \\"/\\");
/******/ 		__webpack_require__.p = scriptUrl;
/******/ 	})();
/******/ 	
/******/ 	/* webpack/runtime/jsonp chunk loading */
/******/ 	(() => {
/******/ 		// no baseURI
/******/ 		
/******/ 		// object to store loaded and loading chunks
/******/ 		// undefined = chunk not loaded, null = chunk preloaded/prefetched
/******/ 		// [resolve, reject, Promise] = chunk loading, 0 = chunk loaded
/******/ 		var installedChunks = {
/******/ 			179: 0
/******/ 		};
/******/ 		
/******/ 		__webpack_require__.f.j = (chunkId, promises) => {
/******/ 				// JSONP chunk loading for javascript
/******/ 				var installedChunkData = __webpack_require__.o(installedChunks, chunkId) ? installedChunks[chunkId] : undefined;
/******/ 				if(installedChunkData !== 0) { // 0 means \\"already installed\\".
/******/ 		
/******/ 					// a Promise means \\"currently loading\\".
/******/ 					if(installedChunkData) {
/******/ 						promises.push(installedChunkData[2]);
/******/ 					} else {
/******/ 						if(true) { // all chunks have JS
/******/ 							// setup Promise in chunk cache
/******/ 							var promise = new Promise((resolve, reject) => (installedChunkData = installedChunks[chunkId] = [resolve, reject]));
/******/ 							promises.push(installedChunkData[2] = promise);
/******/ 		
/******/ 							// start chunk loading
/******/ 							var url = __webpack_require__.p + __webpack_require__.u(chunkId);
/******/ 							// create error before stack unwound to get useful stacktrace later
/******/ 							var error = new Error();
/******/ 							var loadingEnded = (event) => {
/******/ 								if(__webpack_require__.o(installedChunks, chunkId)) {
/******/ 									installedChunkData = installedChunks[chunkId];
/******/ 									if(installedChunkData !== 0) installedChunks[chunkId] = undefined;
/******/ 									if(installedChunkData) {
/******/ 										var errorType = event && (event.type === 'load' ? 'missing' : event.type);
/******/ 										var realSrc = event && event.target && event.target.src;
/******/ 										error.message = 'Loading chunk ' + chunkId + ' failed.\\\\n(' + errorType + ': ' + realSrc + ')';
/******/ 										error.name = 'ChunkLoadError';
/******/ 										error.type = errorType;
/******/ 										error.request = realSrc;
/******/ 										installedChunkData[1](error);
/******/ 									}
/******/ 								}
/******/ 							};
/******/ 							__webpack_require__.l(url, loadingEnded, \\"chunk-\\" + chunkId, chunkId);
/******/ 						}
/******/ 					}
/******/ 				}
/******/ 		};
/******/ 		
/******/ 		// no prefetching
/******/ 		
/******/ 		// no preloaded
/******/ 		
/******/ 		// no HMR
/******/ 		
/******/ 		// no HMR manifest
/******/ 		
/******/ 		// no on chunks loaded
/******/ 		
/******/ 		// install a JSONP callback for chunk loading
/******/ 		var webpackJsonpCallback = (parentChunkLoadingFunction, data) => {
/******/ 			var [chunkIds, moreModules, runtime] = data;
/******/ 			// add \\"moreModules\\" to the modules object,
/******/ 			// then flag all \\"chunkIds\\" as loaded and fire callback
/******/ 			var moduleId, chunkId, i = 0;
/******/ 			if(chunkIds.some((id) => (installedChunks[id] !== 0))) {
/******/ 				for(moduleId in moreModules) {
/******/ 					if(__webpack_require__.o(moreModules, moduleId)) {
/******/ 						__webpack_require__.m[moduleId] = moreModules[moduleId];
/******/ 					}
/******/ 				}
/******/ 				if(runtime) var result = runtime(__webpack_require__);
/******/ 			}
/******/ 			if(parentChunkLoadingFunction) parentChunkLoadingFunction(data);
/******/ 			for(;i < chunkIds.length; i++) {
/******/ 				chunkId = chunkIds[i];
/******/ 				if(__webpack_require__.o(installedChunks, chunkId) && installedChunks[chunkId]) {
/******/ 					installedChunks[chunkId][0]();
/******/ 				}
/******/ 				installedChunks[chunkId] = 0;
/******/ 			}
/******/ 		
/******/ 		}
/******/ 		
/******/ 		var chunkLoadingGlobal = self[\\"webpackChunk\\"] = self[\\"webpackChunk\\"] || [];
/******/ 		chunkLoadingGlobal.forEach(webpackJsonpCallback.bind(null, 0));
/******/ 		chunkLoadingGlobal.push = webpackJsonpCallback.bind(null, chunkLoadingGlobal.push.bind(chunkLoadingGlobal));
/******/ 	})();
/******/ 	
/************************************************************************/
var __webpack_exports__ = {};
__webpack_require__.e(/* import() | async1 */ 515).then(__webpack_require__.bind(__webpack_require__, \\"./a/async1.js\\"));__webpack_require__.e(/* import() | async2 */ 989).then(__webpack_require__.bind(__webpack_require__, \\"./a/async2.js\\"));
/******/ })()
;",
}
`;

exports[`TrueHashPlugin Handles async localized chunks (unminified): Errors 1`] = `Array []`;

exports[`TrueHashPlugin Handles async localized chunks (unminified): Warnings 1`] = `Array []`;
