// Jest Snapshot v1, https://goo.gl/fbAQLP

exports[`JsonSchema validateObjectWithCallback successfully reports a compound validation error 1`] = `
Array [
  "
Error: #/definitions/type1/required (must have required property 'field1')
       must have required property 'field1'
Error: #/definitions/type2/required (must have required property 'field3')
       must have required property 'field3'
Error: #/properties/exampleOneOf/oneOf (must match exactly one schema in oneOf)
       must match exactly one schema in oneOf",
]
`;
