// Jest Snapshot v1, https://goo.gl/fbAQLP

exports[`Colors correctly normalizes color codes for tests 1`] = `"X[BlackForeground]X[DefaultForeground][WhiteForeground]X[DefaultForeground][GrayForeground]X[DefaultForeground][MagentaForeground]X[DefaultForeground][RedForeground]X[DefaultForeground][YellowForeground]X[DefaultForeground][GreenForeground]X[DefaultForeground][CyanForeground]X[DefaultForeground][BlueForeground]X[DefaultForeground][n][BlackBackground]X[DefaultBackground][BlackForeground][BlackBackground]X[DefaultBackground][DefaultForeground][WhiteForeground][BlackBackground]X[DefaultBackground][DefaultForeground][GrayForeground][BlackBackground]X[DefaultBackground][DefaultForeground][MagentaForeground][BlackBackground]X[DefaultBackground][DefaultForeground][RedForeground][BlackBackground]X[DefaultBackground][DefaultForeground][YellowForeground][BlackBackground]X[DefaultBackground][DefaultForeground][GreenForeground][BlackBackground]X[DefaultBackground][DefaultForeground][CyanForeground][BlackBackground]X[DefaultBackground][DefaultForeground][BlueForeground][BlackBackground]X[DefaultBackground][DefaultForeground][n][WhiteBackground]X[DefaultBackground][BlackForeground][WhiteBackground]X[DefaultBackground][DefaultForeground][WhiteForeground][WhiteBackground]X[DefaultBackground][DefaultForeground][GrayForeground][WhiteBackground]X[DefaultBackground][DefaultForeground][MagentaForeground][WhiteBackground]X[DefaultBackground][DefaultForeground][RedForeground][WhiteBackground]X[DefaultBackground][DefaultForeground][YellowForeground][WhiteBackground]X[DefaultBackground][DefaultForeground][GreenForeground][WhiteBackground]X[DefaultBackground][DefaultForeground][CyanForeground][WhiteBackground]X[DefaultBackground][DefaultForeground][BlueForeground][WhiteBackground]X[DefaultBackground][DefaultForeground][n][GrayBackground]X[DefaultBackground][BlackForeground][GrayBackground]X[DefaultBackground][DefaultForeground][WhiteForeground][GrayBackground]X[DefaultBackground][DefaultForeground][GrayForeground][GrayBackground]X[DefaultBackground][DefaultForeground][MagentaForeground][GrayBackground]X[DefaultBackground][DefaultForeground][RedForeground][GrayBackground]X[DefaultBackground][DefaultForeground][YellowForeground][GrayBackground]X[DefaultBackground][DefaultForeground][GreenForeground][GrayBackground]X[DefaultBackground][DefaultForeground][CyanForeground][GrayBackground]X[DefaultBackground][DefaultForeground][BlueForeground][GrayBackground]X[DefaultBackground][DefaultForeground][n][MagentaBackground]X[DefaultBackground][BlackForeground][MagentaBackground]X[DefaultBackground][DefaultForeground][WhiteForeground][MagentaBackground]X[DefaultBackground][DefaultForeground][GrayForeground][MagentaBackground]X[DefaultBackground][DefaultForeground][MagentaForeground][MagentaBackground]X[DefaultBackground][DefaultForeground][RedForeground][MagentaBackground]X[DefaultBackground][DefaultForeground][YellowForeground][MagentaBackground]X[DefaultBackground][DefaultForeground][GreenForeground][MagentaBackground]X[DefaultBackground][DefaultForeground][CyanForeground][MagentaBackground]X[DefaultBackground][DefaultForeground][BlueForeground][MagentaBackground]X[DefaultBackground][DefaultForeground][n][RedBackground]X[DefaultBackground][BlackForeground][RedBackground]X[DefaultBackground][DefaultForeground][WhiteForeground][RedBackground]X[DefaultBackground][DefaultForeground][GrayForeground][RedBackground]X[DefaultBackground][DefaultForeground][MagentaForeground][RedBackground]X[DefaultBackground][DefaultForeground][RedForeground][RedBackground]X[DefaultBackground][DefaultForeground][YellowForeground][RedBackground]X[DefaultBackground][DefaultForeground][GreenForeground][RedBackground]X[DefaultBackground][DefaultForeground][CyanForeground][RedBackground]X[DefaultBackground][DefaultForeground][BlueForeground][RedBackground]X[DefaultBackground][DefaultForeground][n][YellowBackground]X[DefaultBackground][BlackForeground][YellowBackground]X[DefaultBackground][DefaultForeground][WhiteForeground][YellowBackground]X[DefaultBackground][DefaultForeground][GrayForeground][YellowBackground]X[DefaultBackground][DefaultForeground][MagentaForeground][YellowBackground]X[DefaultBackground][DefaultForeground][RedForeground][YellowBackground]X[DefaultBackground][DefaultForeground][YellowForeground][YellowBackground]X[DefaultBackground][DefaultForeground][GreenForeground][YellowBackground]X[DefaultBackground][DefaultForeground][CyanForeground][YellowBackground]X[DefaultBackground][DefaultForeground][BlueForeground][YellowBackground]X[DefaultBackground][DefaultForeground][n][GreenBackground]X[DefaultBackground][BlackForeground][GreenBackground]X[DefaultBackground][DefaultForeground][WhiteForeground][GreenBackground]X[DefaultBackground][DefaultForeground][GrayForeground][GreenBackground]X[DefaultBackground][DefaultForeground][MagentaForeground][GreenBackground]X[DefaultBackground][DefaultForeground][RedForeground][GreenBackground]X[DefaultBackground][DefaultForeground][YellowForeground][GreenBackground]X[DefaultBackground][DefaultForeground][GreenForeground][GreenBackground]X[DefaultBackground][DefaultForeground][CyanForeground][GreenBackground]X[DefaultBackground][DefaultForeground][BlueForeground][GreenBackground]X[DefaultBackground][DefaultForeground][n][CyanBackground]X[DefaultBackground][BlackForeground][CyanBackground]X[DefaultBackground][DefaultForeground][WhiteForeground][CyanBackground]X[DefaultBackground][DefaultForeground][GrayForeground][CyanBackground]X[DefaultBackground][DefaultForeground][MagentaForeground][CyanBackground]X[DefaultBackground][DefaultForeground][RedForeground][CyanBackground]X[DefaultBackground][DefaultForeground][YellowForeground][CyanBackground]X[DefaultBackground][DefaultForeground][GreenForeground][CyanBackground]X[DefaultBackground][DefaultForeground][CyanForeground][CyanBackground]X[DefaultBackground][DefaultForeground][BlueForeground][CyanBackground]X[DefaultBackground][DefaultForeground][n][BlueBackground]X[DefaultBackground][BlackForeground][BlueBackground]X[DefaultBackground][DefaultForeground][WhiteForeground][BlueBackground]X[DefaultBackground][DefaultForeground][GrayForeground][BlueBackground]X[DefaultBackground][DefaultForeground][MagentaForeground][BlueBackground]X[DefaultBackground][DefaultForeground][RedForeground][BlueBackground]X[DefaultBackground][DefaultForeground][YellowForeground][BlueBackground]X[DefaultBackground][DefaultForeground][GreenForeground][BlueBackground]X[DefaultBackground][DefaultForeground][CyanForeground][BlueBackground]X[DefaultBackground][DefaultForeground][BlueForeground][BlueBackground]X[DefaultBackground][DefaultForeground][n]"`;

exports[`Colors writes color grid correctly 1`] = `"X[x][30mX[x][39m[x][37mX[x][39m[x][90mX[x][39m[x][35mX[x][39m[x][31mX[x][39m[x][33mX[x][39m[x][32mX[x][39m[x][36mX[x][39m[x][34mX[x][39m[n][x][40mX[x][49m[x][30m[x][40mX[x][49m[x][39m[x][37m[x][40mX[x][49m[x][39m[x][90m[x][40mX[x][49m[x][39m[x][35m[x][40mX[x][49m[x][39m[x][31m[x][40mX[x][49m[x][39m[x][33m[x][40mX[x][49m[x][39m[x][32m[x][40mX[x][49m[x][39m[x][36m[x][40mX[x][49m[x][39m[x][34m[x][40mX[x][49m[x][39m[n][x][47mX[x][49m[x][30m[x][47mX[x][49m[x][39m[x][37m[x][47mX[x][49m[x][39m[x][90m[x][47mX[x][49m[x][39m[x][35m[x][47mX[x][49m[x][39m[x][31m[x][47mX[x][49m[x][39m[x][33m[x][47mX[x][49m[x][39m[x][32m[x][47mX[x][49m[x][39m[x][36m[x][47mX[x][49m[x][39m[x][34m[x][47mX[x][49m[x][39m[n][x][100mX[x][49m[x][30m[x][100mX[x][49m[x][39m[x][37m[x][100mX[x][49m[x][39m[x][90m[x][100mX[x][49m[x][39m[x][35m[x][100mX[x][49m[x][39m[x][31m[x][100mX[x][49m[x][39m[x][33m[x][100mX[x][49m[x][39m[x][32m[x][100mX[x][49m[x][39m[x][36m[x][100mX[x][49m[x][39m[x][34m[x][100mX[x][49m[x][39m[n][x][45mX[x][49m[x][30m[x][45mX[x][49m[x][39m[x][37m[x][45mX[x][49m[x][39m[x][90m[x][45mX[x][49m[x][39m[x][35m[x][45mX[x][49m[x][39m[x][31m[x][45mX[x][49m[x][39m[x][33m[x][45mX[x][49m[x][39m[x][32m[x][45mX[x][49m[x][39m[x][36m[x][45mX[x][49m[x][39m[x][34m[x][45mX[x][49m[x][39m[n][x][41mX[x][49m[x][30m[x][41mX[x][49m[x][39m[x][37m[x][41mX[x][49m[x][39m[x][90m[x][41mX[x][49m[x][39m[x][35m[x][41mX[x][49m[x][39m[x][31m[x][41mX[x][49m[x][39m[x][33m[x][41mX[x][49m[x][39m[x][32m[x][41mX[x][49m[x][39m[x][36m[x][41mX[x][49m[x][39m[x][34m[x][41mX[x][49m[x][39m[n][x][43mX[x][49m[x][30m[x][43mX[x][49m[x][39m[x][37m[x][43mX[x][49m[x][39m[x][90m[x][43mX[x][49m[x][39m[x][35m[x][43mX[x][49m[x][39m[x][31m[x][43mX[x][49m[x][39m[x][33m[x][43mX[x][49m[x][39m[x][32m[x][43mX[x][49m[x][39m[x][36m[x][43mX[x][49m[x][39m[x][34m[x][43mX[x][49m[x][39m[n][x][42mX[x][49m[x][30m[x][42mX[x][49m[x][39m[x][37m[x][42mX[x][49m[x][39m[x][90m[x][42mX[x][49m[x][39m[x][35m[x][42mX[x][49m[x][39m[x][31m[x][42mX[x][49m[x][39m[x][33m[x][42mX[x][49m[x][39m[x][32m[x][42mX[x][49m[x][39m[x][36m[x][42mX[x][49m[x][39m[x][34m[x][42mX[x][49m[x][39m[n][x][46mX[x][49m[x][30m[x][46mX[x][49m[x][39m[x][37m[x][46mX[x][49m[x][39m[x][90m[x][46mX[x][49m[x][39m[x][35m[x][46mX[x][49m[x][39m[x][31m[x][46mX[x][49m[x][39m[x][33m[x][46mX[x][49m[x][39m[x][32m[x][46mX[x][49m[x][39m[x][36m[x][46mX[x][49m[x][39m[x][34m[x][46mX[x][49m[x][39m[n][x][44mX[x][49m[x][30m[x][44mX[x][49m[x][39m[x][37m[x][44mX[x][49m[x][39m[x][90m[x][44mX[x][49m[x][39m[x][35m[x][44mX[x][49m[x][39m[x][31m[x][44mX[x][49m[x][39m[x][33m[x][44mX[x][49m[x][39m[x][32m[x][44mX[x][49m[x][39m[x][36m[x][44mX[x][49m[x][39m[x][34m[x][44mX[x][49m[x][39m[n]"`;
